---
source: src/parse/test.rs
expression: ast
---
UnaryOp(
    UnaryOp {
        span: Span(
            0..0,
        ),
        expr: Literal(
            Boolean(
                true,
                Span(
                    0..0,
                ),
            ),
        ),
        kind: Not,
    },
)
