---
source: src/syntax/parse/test.rs
expression: ast
---
Literal(
    Array(
        [
            Literal(
                Number(
                    10.0,
                    Span(
                        0..0,
                    ),
                ),
            ),
        ],
        Span(
            0..0,
        ),
    ),
)
